Copyright 1986-2022 Xilinx, Inc. All Rights Reserved. Copyright 2022-2023 Advanced Micro Devices, Inc. All Rights Reserved.
---------------------------------------------------------------------------------------------------------------------------------------------
| Tool Version : Vivado v.2023.1 (win64) Build 3865809 Sun May  7 15:05:29 MDT 2023
| Date         : Wed May 22 20:58:51 2024
| Host         : LAPTOP-8VTJ1KHT running 64-bit major release  (build 9200)
| Command      : report_control_sets -verbose -file Board_control_sets_placed.rpt
| Design       : Board
| Device       : xc7a100t
---------------------------------------------------------------------------------------------------------------------------------------------

Control Set Information

Table of Contents
-----------------
1. Summary
2. Histogram
3. Flip-Flop Distribution
4. Detailed Control Set Information

1. Summary
----------

+----------------------------------------------------------+-------+
|                          Status                          | Count |
+----------------------------------------------------------+-------+
| Total control sets                                       |    31 |
|    Minimum number of control sets                        |    31 |
|    Addition due to synthesis replication                 |     0 |
|    Addition due to physical synthesis replication        |     0 |
| Unused register locations in slices containing registers |    47 |
+----------------------------------------------------------+-------+
* Control sets can be merged at opt_design using control_set_merge or merge_equivalent_drivers
** Run report_qor_suggestions for automated merging and remapping suggestions


2. Histogram
------------

+--------------------+-------+
|       Fanout       | Count |
+--------------------+-------+
| Total control sets |    31 |
| >= 0 to < 4        |     5 |
| >= 4 to < 6        |     1 |
| >= 6 to < 8        |     3 |
| >= 8 to < 10       |     2 |
| >= 10 to < 12      |     0 |
| >= 12 to < 14      |     0 |
| >= 14 to < 16      |     1 |
| >= 16              |    19 |
+--------------------+-------+
* Control sets can be remapped at either synth_design or opt_design


3. Flip-Flop Distribution
-------------------------

+--------------+-----------------------+------------------------+-----------------+--------------+
| Clock Enable | Synchronous Set/Reset | Asynchronous Set/Reset | Total Registers | Total Slices |
+--------------+-----------------------+------------------------+-----------------+--------------+
| No           | No                    | No                     |              60 |           26 |
| No           | No                    | Yes                    |               9 |            3 |
| No           | Yes                   | No                     |               0 |            0 |
| Yes          | No                    | No                     |               7 |            2 |
| Yes          | No                    | Yes                    |             181 |          129 |
| Yes          | Yes                   | No                     |             480 |          304 |
+--------------+-----------------------+------------------------+-----------------+--------------+


4. Detailed Control Set Information
-----------------------------------

+-----------------------------------------------------------+------------------------------------------------------------+------------------+------------------+----------------+--------------+
|                        Clock Signal                       |                        Enable Signal                       | Set/Reset Signal | Slice Load Count | Bel Load Count | Bels / Slice |
+-----------------------------------------------------------+------------------------------------------------------------+------------------+------------------+----------------+--------------+
|  swb_IBUF_BUFG[2]                                         |                                                            |                  |                1 |              1 |         1.00 |
|  cpu_inst/controller_inst/FSM_inst/ALU_OP_ctrl_reg[0]_0   |                                                            |                  |                1 |              1 |         1.00 |
|  cpu_inst/controller_inst/FSM_inst/Shift_OP_ctrl_reg[2]_3 |                                                            |                  |                1 |              1 |         1.00 |
| ~clk_IBUF_BUFG                                            |                                                            |                  |                1 |              3 |         3.00 |
|  swb_IBUF_BUFG[6]                                         |                                                            |                  |                2 |              3 |         1.50 |
|  cpu_inst/controller_inst/FSM_inst/E[0]                   |                                                            |                  |                2 |              4 |         2.00 |
| ~led_OBUF_BUFG[5]                                         | cpu_inst/controller_inst/FSM_inst/write_pc_reg_0           | led_OBUF[4]      |                2 |              6 |         3.00 |
|  led_OBUF_BUFG[5]                                         | cpu_inst/controller_inst/FSM_inst/Shift_OP_ctrl[2]_i_1_n_1 |                  |                2 |              7 |         3.50 |
| ~led_OBUF_BUFG[5]                                         | cpu_inst/controller_inst/FSM_inst/E[0]                     | led_OBUF[4]      |                2 |              7 |         3.50 |
|  led_OBUF_BUFG[5]                                         | cpu_inst/controller_inst/FSM_inst/ALU_OP_ctrl[3]_i_1_n_1   | led_OBUF[4]      |                1 |              8 |         8.00 |
|  led_OBUF_BUFG[5]                                         |                                                            | led_OBUF[4]      |                3 |              9 |         3.00 |
|  clk_IBUF_BUFG                                            |                                                            |                  |                4 |             15 |         3.75 |
|  n_0_1443_BUFG                                            |                                                            |                  |               14 |             32 |         2.29 |
| ~led_OBUF_BUFG[5]                                         | cpu_inst/controller_inst/FSM_inst/LF_reg_0[0]              | led_OBUF[4]      |               20 |             32 |         1.60 |
| ~led_OBUF_BUFG[5]                                         | cpu_inst/fetch_instruction_inst/IR_reg[15]_0[0]            | led_OBUF[4]      |               20 |             32 |         1.60 |
| ~led_OBUF_BUFG[5]                                         | cpu_inst/fetch_instruction_inst/IR_reg[15]_11[0]           | led_OBUF[4]      |               18 |             32 |         1.78 |
| ~led_OBUF_BUFG[5]                                         | cpu_inst/fetch_instruction_inst/IR_reg[15]_1[0]            | led_OBUF[4]      |               22 |             32 |         1.45 |
| ~led_OBUF_BUFG[5]                                         | cpu_inst/fetch_instruction_inst/IR_reg[15]_10[0]           | led_OBUF[4]      |               19 |             32 |         1.68 |
| ~led_OBUF_BUFG[5]                                         | cpu_inst/fetch_instruction_inst/IR_reg[15]_6[0]            | led_OBUF[4]      |               20 |             32 |         1.60 |
| ~led_OBUF_BUFG[5]                                         | cpu_inst/fetch_instruction_inst/IR_reg[15]_9[0]            | led_OBUF[4]      |               21 |             32 |         1.52 |
| ~led_OBUF_BUFG[5]                                         | cpu_inst/fetch_instruction_inst/IR_reg[15]_7[0]            | led_OBUF[4]      |               21 |             32 |         1.52 |
| ~led_OBUF_BUFG[5]                                         | cpu_inst/fetch_instruction_inst/IR_reg[15]_12[0]           | led_OBUF[4]      |               19 |             32 |         1.68 |
| ~led_OBUF_BUFG[5]                                         | cpu_inst/fetch_instruction_inst/IR_reg[15]_5[0]            | led_OBUF[4]      |               22 |             32 |         1.45 |
| ~led_OBUF_BUFG[5]                                         | cpu_inst/fetch_instruction_inst/IR_reg[15]_4[0]            | led_OBUF[4]      |               20 |             32 |         1.60 |
| ~led_OBUF_BUFG[5]                                         | cpu_inst/fetch_instruction_inst/IR_reg[15]_2[0]            | led_OBUF[4]      |               16 |             32 |         2.00 |
| ~led_OBUF_BUFG[5]                                         | cpu_inst/fetch_instruction_inst/IR_reg[15]_8[0]            | led_OBUF[4]      |               23 |             32 |         1.39 |
| ~led_OBUF_BUFG[5]                                         | cpu_inst/fetch_instruction_inst/IR_reg[15]_3[0]            | led_OBUF[4]      |               22 |             32 |         1.45 |
| ~led_OBUF_BUFG[5]                                         | cpu_inst/fetch_instruction_inst/IR_reg[15]_13[0]           | led_OBUF[4]      |               19 |             32 |         1.68 |
| ~led_OBUF_BUFG[5]                                         | cpu_inst/fetch_instruction_inst/IR0                        | led_OBUF[4]      |                8 |             32 |         4.00 |
| ~led_OBUF_BUFG[5]                                         | cpu_inst/fetch_instruction_inst/E[0]                       | led_OBUF[4]      |               22 |             32 |         1.45 |
| ~led_OBUF_BUFG[5]                                         | cpu_inst/controller_inst/FSM_inst/LA_reg_0[0]              | led_OBUF[4]      |               96 |             96 |         1.00 |
+-----------------------------------------------------------+------------------------------------------------------------+------------------+------------------+----------------+--------------+


